#-----------------------------------------------------------
# Vivado v2023.1 (64-bit)
# SW Build 3865809 on Sun May  7 15:04:56 MDT 2023
# IP Build 3864474 on Sun May  7 20:36:21 MDT 2023
# SharedData Build 3865790 on Sun May 07 13:33:03 MDT 2023
# Start of session at: Mon Dec  4 11:49:17 2023
# Process ID: 34714
# Current directory: /home/afonso/Documents/VesPA-CPU_MEM_italian/VesPA-CPU_MEM_italian/VesPA Version 8bit ROM/aula.runs/memoryAf_axi_bram_ctrl_0_bram_0_synth_1
# Command line: vivado -log memoryAf_axi_bram_ctrl_0_bram_0.vds -product Vivado -mode batch -messageDb vivado.pb -notrace -source memoryAf_axi_bram_ctrl_0_bram_0.tcl
# Log file: /home/afonso/Documents/VesPA-CPU_MEM_italian/VesPA-CPU_MEM_italian/VesPA Version 8bit ROM/aula.runs/memoryAf_axi_bram_ctrl_0_bram_0_synth_1/memoryAf_axi_bram_ctrl_0_bram_0.vds
# Journal file: /home/afonso/Documents/VesPA-CPU_MEM_italian/VesPA-CPU_MEM_italian/VesPA Version 8bit ROM/aula.runs/memoryAf_axi_bram_ctrl_0_bram_0_synth_1/vivado.jou
# Running On: afonso-Modern-14-B10MW, OS: Linux, CPU Frequency: 2771.788 MHz, CPU Physical cores: 4, Host memory: 8129 MB
#-----------------------------------------------------------
source memoryAf_axi_bram_ctrl_0_bram_0.tcl -notrace
