Copyright 1986-2022 Xilinx, Inc. All Rights Reserved. Copyright 2022-2023 Advanced Micro Devices, Inc. All Rights Reserved.
-----------------------------------------------------------------------------------------------------------------------------------------------
| Tool Version : Vivado v.2023.1 (lin64) Build 3865809 Sun May  7 15:04:56 MDT 2023
| Date         : Mon Nov  6 12:54:32 2023
| Host         : afonso-Modern-14-B10MW running 64-bit Ubuntu 22.04.3 LTS
| Command      : report_methodology -file top_methodology_drc_routed.rpt -pb top_methodology_drc_routed.pb -rpx top_methodology_drc_routed.rpx
| Design       : top
| Device       : xc7z010clg400-1
| Speed File   : -1
| Design State : Fully Routed
-----------------------------------------------------------------------------------------------------------------------------------------------

Report Methodology

Table of Contents
-----------------
1. REPORT SUMMARY
2. REPORT DETAILS

1. REPORT SUMMARY
-----------------
            Netlist: netlist
          Floorplan: design_1
      Design limits: <entire design considered>
             Max violations: <unlimited>
             Violations found: 36
+-----------+------------------+--------------------------------+------------+
| Rule      | Severity         | Description                    | Violations |
+-----------+------------------+--------------------------------+------------+
| TIMING-17 | Critical Warning | Non-clocked sequential cell    | 3          |
| TIMING-20 | Warning          | Non-clocked latch              | 32         |
| LATCH-1   | Advisory         | Existing latches in the design | 1          |
+-----------+------------------+--------------------------------+------------+

2. REPORT DETAILS
-----------------
TIMING-17#1 Critical Warning
Non-clocked sequential cell  
The clock pin ctrl_unit/state_reg[0]/C is not reached by a timing clock
Related violations: <none>

TIMING-17#2 Critical Warning
Non-clocked sequential cell  
The clock pin ctrl_unit/state_reg[1]/C is not reached by a timing clock
Related violations: <none>

TIMING-17#3 Critical Warning
Non-clocked sequential cell  
The clock pin ctrl_unit/state_reg[4]/C is not reached by a timing clock
Related violations: <none>

TIMING-20#1 Warning
Non-clocked latch  
The latch register_bank/registerb_reg[0][0] cannot be properly analyzed as its control pin register_bank/registerb_reg[0][0]/G is not reached by a timing clock
Related violations: <none>

TIMING-20#2 Warning
Non-clocked latch  
The latch register_bank/registerb_reg[0][10] cannot be properly analyzed as its control pin register_bank/registerb_reg[0][10]/G is not reached by a timing clock
Related violations: <none>

TIMING-20#3 Warning
Non-clocked latch  
The latch register_bank/registerb_reg[0][11] cannot be properly analyzed as its control pin register_bank/registerb_reg[0][11]/G is not reached by a timing clock
Related violations: <none>

TIMING-20#4 Warning
Non-clocked latch  
The latch register_bank/registerb_reg[0][12] cannot be properly analyzed as its control pin register_bank/registerb_reg[0][12]/G is not reached by a timing clock
Related violations: <none>

TIMING-20#5 Warning
Non-clocked latch  
The latch register_bank/registerb_reg[0][13] cannot be properly analyzed as its control pin register_bank/registerb_reg[0][13]/G is not reached by a timing clock
Related violations: <none>

TIMING-20#6 Warning
Non-clocked latch  
The latch register_bank/registerb_reg[0][14] cannot be properly analyzed as its control pin register_bank/registerb_reg[0][14]/G is not reached by a timing clock
Related violations: <none>

TIMING-20#7 Warning
Non-clocked latch  
The latch register_bank/registerb_reg[0][15] cannot be properly analyzed as its control pin register_bank/registerb_reg[0][15]/G is not reached by a timing clock
Related violations: <none>

TIMING-20#8 Warning
Non-clocked latch  
The latch register_bank/registerb_reg[0][16] cannot be properly analyzed as its control pin register_bank/registerb_reg[0][16]/G is not reached by a timing clock
Related violations: <none>

TIMING-20#9 Warning
Non-clocked latch  
The latch register_bank/registerb_reg[0][17] cannot be properly analyzed as its control pin register_bank/registerb_reg[0][17]/G is not reached by a timing clock
Related violations: <none>

TIMING-20#10 Warning
Non-clocked latch  
The latch register_bank/registerb_reg[0][18] cannot be properly analyzed as its control pin register_bank/registerb_reg[0][18]/G is not reached by a timing clock
Related violations: <none>

TIMING-20#11 Warning
Non-clocked latch  
The latch register_bank/registerb_reg[0][19] cannot be properly analyzed as its control pin register_bank/registerb_reg[0][19]/G is not reached by a timing clock
Related violations: <none>

TIMING-20#12 Warning
Non-clocked latch  
The latch register_bank/registerb_reg[0][1] cannot be properly analyzed as its control pin register_bank/registerb_reg[0][1]/G is not reached by a timing clock
Related violations: <none>

TIMING-20#13 Warning
Non-clocked latch  
The latch register_bank/registerb_reg[0][20] cannot be properly analyzed as its control pin register_bank/registerb_reg[0][20]/G is not reached by a timing clock
Related violations: <none>

TIMING-20#14 Warning
Non-clocked latch  
The latch register_bank/registerb_reg[0][21] cannot be properly analyzed as its control pin register_bank/registerb_reg[0][21]/G is not reached by a timing clock
Related violations: <none>

TIMING-20#15 Warning
Non-clocked latch  
The latch register_bank/registerb_reg[0][22] cannot be properly analyzed as its control pin register_bank/registerb_reg[0][22]/G is not reached by a timing clock
Related violations: <none>

TIMING-20#16 Warning
Non-clocked latch  
The latch register_bank/registerb_reg[0][23] cannot be properly analyzed as its control pin register_bank/registerb_reg[0][23]/G is not reached by a timing clock
Related violations: <none>

TIMING-20#17 Warning
Non-clocked latch  
The latch register_bank/registerb_reg[0][24] cannot be properly analyzed as its control pin register_bank/registerb_reg[0][24]/G is not reached by a timing clock
Related violations: <none>

TIMING-20#18 Warning
Non-clocked latch  
The latch register_bank/registerb_reg[0][25] cannot be properly analyzed as its control pin register_bank/registerb_reg[0][25]/G is not reached by a timing clock
Related violations: <none>

TIMING-20#19 Warning
Non-clocked latch  
The latch register_bank/registerb_reg[0][26] cannot be properly analyzed as its control pin register_bank/registerb_reg[0][26]/G is not reached by a timing clock
Related violations: <none>

TIMING-20#20 Warning
Non-clocked latch  
The latch register_bank/registerb_reg[0][27] cannot be properly analyzed as its control pin register_bank/registerb_reg[0][27]/G is not reached by a timing clock
Related violations: <none>

TIMING-20#21 Warning
Non-clocked latch  
The latch register_bank/registerb_reg[0][28] cannot be properly analyzed as its control pin register_bank/registerb_reg[0][28]/G is not reached by a timing clock
Related violations: <none>

TIMING-20#22 Warning
Non-clocked latch  
The latch register_bank/registerb_reg[0][29] cannot be properly analyzed as its control pin register_bank/registerb_reg[0][29]/G is not reached by a timing clock
Related violations: <none>

TIMING-20#23 Warning
Non-clocked latch  
The latch register_bank/registerb_reg[0][2] cannot be properly analyzed as its control pin register_bank/registerb_reg[0][2]/G is not reached by a timing clock
Related violations: <none>

TIMING-20#24 Warning
Non-clocked latch  
The latch register_bank/registerb_reg[0][30] cannot be properly analyzed as its control pin register_bank/registerb_reg[0][30]/G is not reached by a timing clock
Related violations: <none>

TIMING-20#25 Warning
Non-clocked latch  
The latch register_bank/registerb_reg[0][31] cannot be properly analyzed as its control pin register_bank/registerb_reg[0][31]/G is not reached by a timing clock
Related violations: <none>

TIMING-20#26 Warning
Non-clocked latch  
The latch register_bank/registerb_reg[0][3] cannot be properly analyzed as its control pin register_bank/registerb_reg[0][3]/G is not reached by a timing clock
Related violations: <none>

TIMING-20#27 Warning
Non-clocked latch  
The latch register_bank/registerb_reg[0][4] cannot be properly analyzed as its control pin register_bank/registerb_reg[0][4]/G is not reached by a timing clock
Related violations: <none>

TIMING-20#28 Warning
Non-clocked latch  
The latch register_bank/registerb_reg[0][5] cannot be properly analyzed as its control pin register_bank/registerb_reg[0][5]/G is not reached by a timing clock
Related violations: <none>

TIMING-20#29 Warning
Non-clocked latch  
The latch register_bank/registerb_reg[0][6] cannot be properly analyzed as its control pin register_bank/registerb_reg[0][6]/G is not reached by a timing clock
Related violations: <none>

TIMING-20#30 Warning
Non-clocked latch  
The latch register_bank/registerb_reg[0][7] cannot be properly analyzed as its control pin register_bank/registerb_reg[0][7]/G is not reached by a timing clock
Related violations: <none>

TIMING-20#31 Warning
Non-clocked latch  
The latch register_bank/registerb_reg[0][8] cannot be properly analyzed as its control pin register_bank/registerb_reg[0][8]/G is not reached by a timing clock
Related violations: <none>

TIMING-20#32 Warning
Non-clocked latch  
The latch register_bank/registerb_reg[0][9] cannot be properly analyzed as its control pin register_bank/registerb_reg[0][9]/G is not reached by a timing clock
Related violations: <none>

LATCH-1#1 Advisory
Existing latches in the design  
There are 32 latches found in the design. Inferred latches are often the result of HDL coding mistakes, such as incomplete if or case statements.
Related violations: <none>


